
> vite_react_shadcn_ts@0.0.0 build
> vite build

[36mvite v7.3.1 [32mbuilding client environment for production...[36m[39m
transforming...
npm : Browserslist: 
browsers data 
(caniuse-lite) is 16 
months old. Please run:
At line:1 char:1
+ npm run build > 
build_output.txt 2>&1
+ ~~~~~~~~~~~~~~~~~~~~~~~
~~~~~~~~~~~~~~
    + CategoryInfo       
       : NotSpecified:   
  (Browserslist: b...l   
 d. Please run::Strin    
g) [], RemoteExcepti    
on
    + FullyQualifiedErro 
   rId : NativeCommandE  
  rror
 
  npx update-browserslist
-db@latest
  Why you should do it 
regularly: https://github
.com/browserslist/update-
db#readme
[32mΓ£ô[39m 2005 modules transformed.
[31mΓ£ù[39m Build 
failed in 9.88s
[31merror during build:
[31m[vite:esbuild] 
Transform failed with 1 
error:
C:/Users/NirmalKiran/Docu
ments/WISPR_DATA/proto_le
arn/src/components/mobile
Automation/MobileRecorder
.tsx:2075:8: ERROR: The 
symbol "handleSwipe" has 
already been 
declared[31m
file: [36mC:/Users/Nirma
lKiran/Documents/WISPR_DA
TA/proto_learn/src/compon
ents/mobileAutomation/Mob
ileRecorder.tsx:2075:8[3
1m
[33m
[33mThe symbol 
"handleSwipe" has 
already been 
declared[33m
2073 |    };
2074 |  
2075 |    const 
handleSwipe = async 
(coords?: { x1: number, 
y1: number, x2: number, 
y2: number, 
description?: string }) 
=> {
     |          ^
2076 |      try {
2077 |        const 
payload = coords || { 
x1: 500, y1: 1500, x2: 
500, y2: 500, duration: 
500 };
[31m
    at 
failureErrorWithLog (C:\U
sers\NirmalKiran\Document
s\WISPR_DATA\proto_learn\
node_modules\esbuild\lib\
main.js:1467:15)
    at C:\Users\NirmalKir
an\Documents\WISPR_DATA\p
roto_learn\node_modules\e
sbuild\lib\main.js:736:50
    at responseCallbacks.
<computed> (C:\Users\Nirm
alKiran\Documents\WISPR_D
ATA\proto_learn\node_modu
les\esbuild\lib\main.js:6
03:9)
    at 
handleIncomingPacket (C:\
Users\NirmalKiran\Documen
ts\WISPR_DATA\proto_learn
\node_modules\esbuild\lib
\main.js:658:12)
    at 
Socket.readFromStdout (C:
\Users\NirmalKiran\Docume
nts\WISPR_DATA\proto_lear
n\node_modules\esbuild\li
b\main.js:581:7)
    at Socket.emit 
(node:events:524:28)
    at addChunk (node:int
ernal/streams/readable:56
1:12)
    at readableAddChunkPu
shByteMode (node:internal
/streams/readable:512:3)
    at Readable.push (nod
e:internal/streams/readab
le:392:5)
    at Pipe.onStreamRead 
(node:internal/stream_bas
e_commons:191:23)[39m
